// Jest Snapshot v1, https://goo.gl/fbAQLP

exports[`should render 1`] = `
<DemographicText>
  <header
    className="tc ph4"
  >
    <h1
      className="f3 f2-m f1-l fw2 black-90 mv3"
      id="demographic-text"
    >
      You are a 
       and you are approximately 
       years old.
    </h1>
  </header>
</DemographicText>
`;
